// Jest Snapshot v1, https://goo.gl/fbAQLP

exports[`App when fetching order data renders orders component 1`] = `
<main
  role="main"
>
  <section
    data-testid="orders-table"
  >
    <header>
      <h4>
        Status
      </h4>
      <h4>
        Delivery Day
      </h4>
      <h4>
        Supplier
      </h4>
      <h4>
        Total
      </h4>
    </header>
    <section
      role="row"
    >
      <span>
        <section
          aria-hidden="true"
        >
          <h4>
            Status
          </h4>
          <div>
            Paid
          </div>
        </section>
        <div>
          Paid
        </div>
      </span>
      <span>
        <section
          aria-hidden="true"
        >
          <h4>
            Delivery Day
          </h4>
          <div>
            Aug 7, 2020
          </div>
        </section>
        <div>
          Aug 7, 2020
        </div>
      </span>
      <span>
        <section
          aria-hidden="true"
        >
          <h4>
            Supplier
          </h4>
          <div>
            D & D Poultry Ltd.
            <span
              class="table-field-pending-vendor-onboarding"
            >
              1st
            </span>
          </div>
        </section>
        <div>
          D & D Poultry Ltd.
          <span
            class="table-field-pending-vendor-onboarding"
          >
            1st
          </span>
        </div>
      </span>
      <span>
        <section
          aria-hidden="true"
        >
          <h4>
            Total
          </h4>
          <div>
            $273.95
          </div>
        </section>
        <div>
          $273.95
        </div>
      </span>
    </section>
    <section
      role="row"
    >
      <span>
        <section
          aria-hidden="true"
        >
          <h4>
            Status
          </h4>
          <div>
            Delivered
          </div>
        </section>
        <div>
          Delivered
        </div>
      </span>
      <span>
        <section
          aria-hidden="true"
        >
          <h4>
            Delivery Day
          </h4>
          <div>
            Jul 31, 2020
          </div>
        </section>
        <div>
          Jul 31, 2020
        </div>
      </span>
      <span>
        <section
          aria-hidden="true"
        >
          <h4>
            Supplier
          </h4>
          <div>
            D & D Poultry Ltd.
            <span
              class="table-byos"
            >
              Market
            </span>
          </div>
        </section>
        <div>
          D & D Poultry Ltd.
          <span
            class="table-byos"
          >
            Market
          </span>
        </div>
      </span>
      <span>
        <section
          aria-hidden="true"
        >
          <h4>
            Total
          </h4>
          <div>
            $273.95
          </div>
        </section>
        <div>
          $273.95
        </div>
      </span>
    </section>
    <section
      role="row"
    >
      <span>
        <section
          aria-hidden="true"
        >
          <h4>
            Status
          </h4>
          <div>
            Paid
          </div>
        </section>
        <div>
          Paid
        </div>
      </span>
      <span>
        <section
          aria-hidden="true"
        >
          <h4>
            Delivery Day
          </h4>
          <div>
            Jul 31, 2020
          </div>
        </section>
        <div>
          Jul 31, 2020
        </div>
      </span>
      <span>
        <section
          aria-hidden="true"
        >
          <h4>
            Supplier
          </h4>
          <div>
            D & D Poultry Ltd.
            <span
              class="table-byos"
            >
              Market
            </span>
            <span
              class="table-field-pending-vendor-onboarding"
            >
              1st
            </span>
          </div>
        </section>
        <div>
          D & D Poultry Ltd.
          <span
            class="table-byos"
          >
            Market
          </span>
          <span
            class="table-field-pending-vendor-onboarding"
          >
            1st
          </span>
        </div>
      </span>
      <span>
        <section
          aria-hidden="true"
        >
          <h4>
            Total
          </h4>
          <div>
            $821.85
          </div>
        </section>
        <div>
          $821.85
        </div>
      </span>
    </section>
    <section
      role="row"
    >
      <span>
        <section
          aria-hidden="true"
        >
          <h4>
            Status
          </h4>
          <div>
            Paid
          </div>
        </section>
        <div>
          Paid
        </div>
      </span>
      <span>
        <section
          aria-hidden="true"
        >
          <h4>
            Delivery Day
          </h4>
          <div>
            Jul 31, 2020
          </div>
        </section>
        <div>
          Jul 31, 2020
        </div>
      </span>
      <span>
        <section
          aria-hidden="true"
        >
          <h4>
            Supplier
          </h4>
          <div>
            D & D Poultry Ltd.
          </div>
        </section>
        <div>
          D & D Poultry Ltd.
        </div>
      </span>
      <span>
        <section
          aria-hidden="true"
        >
          <h4>
            Total
          </h4>
          <div>
            $397.96
          </div>
        </section>
        <div>
          $397.96
        </div>
      </span>
    </section>
  </section>
</main>
`;
