// Jest Snapshot v1, https://goo.gl/fbAQLP

exports[`App when fetching order data renders orders component 1`] = `
<main
  role="main"
>
  <section>
    <table
      data-testid="orders-table"
    >
      <thead>
        <tr>
          <th>
            Status
          </th>
          <th>
            Delivery Day
          </th>
          <th>
            Supplier
          </th>
          <th>
            Total
          </th>
        </tr>
      </thead>
      <tbody>
        <tr>
          <td>
            Paid
          </td>
          <td>
            Aug 7, 2020
          </td>
          <td>
            D & D Poultry Ltd.
            <span
              class="table-field-pending-vendor-onboarding"
            >
              1st
            </span>
          </td>
          <td>
            $273.95
          </td>
        </tr>
        <tr>
          <td>
            Delivered
          </td>
          <td>
            Jul 31, 2020
          </td>
          <td>
            D & D Poultry Ltd.
            <span
              class="table-byos"
            >
              Market
            </span>
          </td>
          <td>
            $273.95
          </td>
        </tr>
        <tr>
          <td>
            Paid
          </td>
          <td>
            Jul 31, 2020
          </td>
          <td>
            D & D Poultry Ltd.
            <span
              class="table-byos"
            >
              Market
            </span>
            <span
              class="table-field-pending-vendor-onboarding"
            >
              1st
            </span>
          </td>
          <td>
            $821.85
          </td>
        </tr>
        <tr>
          <td>
            Paid
          </td>
          <td>
            Jul 31, 2020
          </td>
          <td>
            D & D Poultry Ltd.
          </td>
          <td>
            $397.96
          </td>
        </tr>
      </tbody>
    </table>
  </section>
</main>
`;
